// Jest Snapshot v1, https://goo.gl/fbAQLP

exports[`Should render Header correctly 1`] = `
<div>
  <h1>
    Expensify
  </h1>
  <Link
    replace={false}
    to="/"
  >
    Dashboard
  </Link>
  <Link
    replace={false}
    to="/create"
  >
    Create Expense
  </Link>
  <Link
    replace={false}
    to="/help"
  >
    Help
  </Link>
</div>
`;
